14:47:10.971
Array [ {…} ]
​
0: Object { effect: "manageOfferCreated", operationIndex: 0, amountBought: "0", … }
​​
amountBought: "0"
​​
amountSold: "0"
​​
currentOffer: Object { offerId: "311123", selling: {…}, amount: "39.2", … }
​​
effect: "manageOfferCreated"
​​
isFullyOpen: true
​​
offersClaimed: Array []
​​
operationIndex: 0
​​
wasImmediatelyDeleted: false
​​
wasImmediatelyFilled: false
​​
wasPartiallyFilled: false
​​
<prototype>: Object { … }
​
length: 1
​
<prototype>: Array []
trade-hexa4xlm.js:82:14
14:47:10.971
*** ReferenceError: offerResults is not defined
    buttonPlacePressed trade-hexa4xlm.js:83
next-dev.js:20:25
14:47:27.023
Array [ {…} ]
​
0: Object { effect: "manageOfferDeleted", operationIndex: 0, amountBought: "8", … }
​​
amountBought: "8"
​​
amountSold: "40"
​​
currentOffer: undefined
​​
effect: "manageOfferDeleted"
​​
isFullyOpen: false
​​
offersClaimed: Array [ {…} ]
​​
operationIndex: 0
​​
wasImmediatelyDeleted: false
​​
wasImmediatelyFilled: true
​​
wasPartiallyFilled: false
​​
<prototype>: Object { … }
​
length: 1
​
<prototype>: Array []
trade-hexa4xlm.js:82:14
Run qa for buyHEXA on Sat Mar  4 16:33:09 EST 2023
Run qa for buyHEXA on Sat Mar  4 17:13:57 EST 2023
Run qa for buyHEXA on Sat Mar  4 17:30:29 EST 2023
Run qa for buyHEXA on Sun Mar  5 08:29:44 EST 2023
Run qa for test/buyHEXA on Sun Mar  5 15:53:39 EST 2023
